Python is working!
Current dir: D:\pythonProject\openclaw-quant-system
